// Jest Snapshot v1, https://goo.gl/fbAQLP

exports[`<App /> renders correctly 1`] = `
<div
  className="App"
>
  <h1>
    My App
  </h1>
  <section
    className="Counter"
  >
    <p>
      My wonderful component
    </p>
    <span>
      Stuff: 
      0
    </span>
    <button
      id="increase"
      onClick={[Function]}
    >
      Up
    </button>
    <button
      id="decrease"
      onClick={[Function]}
    >
      Down
    </button>
  </section>
</div>
`;
